// Jest Snapshot v1, https://goo.gl/fbAQLP

exports[`:index [GET /] Should get server is running response 1`] = `
Object {
  "text": "Hello again from express server.",
}
`;
